../Core/Src/main.c:75:7:calculate_discrete_pid	64	static
../Core/Src/main.c:131:5:main	64	static
../Core/Src/main.c:233:6:SystemClock_Config	88	static
../Core/Src/main.c:283:13:MX_I2C1_Init	8	static
../Core/Src/main.c:331:13:MX_I2C4_Init	8	static
../Core/Src/main.c:379:13:MX_TIM1_Init	56	static
../Core/Src/main.c:430:13:MX_TIM2_Init	48	static
../Core/Src/main.c:479:13:MX_TIM3_Init	48	static
../Core/Src/main.c:528:13:MX_USART3_UART_Init	8	static
../Core/Src/main.c:563:13:MX_GPIO_Init	56	static
../Core/Src/main.c:678:6:Error_Handler	4	static,ignoring_inline_asm
